../Core/Src/main.c:73:5:main	8	static
../Core/Src/main.c:128:6:SystemClock_Config	88	static
../Core/Src/main.c:174:13:MX_CAN1_Init	8	static
../Core/Src/main.c:211:13:MX_TIM9_Init	24	static
../Core/Src/main.c:249:13:MX_GPIO_Init	48	static
../Core/Src/main.c:288:6:HAL_TIM_PeriodElapsedCallback	16	static
../Core/Src/main.c:294:6:CAN1_Tx	40	static
../Core/Src/main.c:316:6:CAN1_Rx	4	static
../Core/Src/main.c:321:6:CAN1_FilterConfig	48	static
../Core/Src/main.c:344:6:HAL_CAN_TxMailbox0CompleteCallback	16	static
../Core/Src/main.c:348:6:HAL_CAN_TxMailbox1CompleteCallback	16	static
../Core/Src/main.c:352:6:HAL_CAN_TxMailbox2CompleteCallback	16	static
../Core/Src/main.c:356:6:HAL_CAN_RxFifo0MsgPendingCallback	56	static
../Core/Src/main.c:367:6:HAL_CAN_ErrorCallback	16	static
../Core/Src/main.c:378:6:Error_Handler	4	static,ignoring_inline_asm
